#
# There is insufficient memory for the Java Runtime Environment to continue.
# Native memory allocation (mmap) failed to map 18874368 bytes for G1 virtual space
# Possible reasons:
#   The system is out of physical RAM or swap space
#   The process is running with CompressedOops enabled, and the Java Heap may be blocking the growth of the native heap
# Possible solutions:
#   Reduce memory load on the system
#   Increase physical memory or swap space
#   Check if swap backing store is full
#   Decrease Java heap size (-Xmx/-Xms)
#   Decrease number of Java threads
#   Decrease Java thread stack sizes (-Xss)
#   Set larger code cache with -XX:ReservedCodeCacheSize=
#   JVM is running with Zero Based Compressed Oops mode in which the Java heap is
#     placed in the first 32GB address space. The Java Heap base address is the
#     maximum limit for the native heap growth. Please use -XX:HeapBaseMinAddress
#     to set the Java Heap base and to place the Java Heap above 32GB virtual address.
# This output file may be truncated or incomplete.
#
#  Out of Memory Error (os_windows.cpp:3603), pid=14188, tid=21756
#
# JRE version: Java(TM) SE Runtime Environment (21.0.7+8) (build 21.0.7+8-LTS-245)
# Java VM: Java HotSpot(TM) 64-Bit Server VM (21.0.7+8-LTS-245, mixed mode, emulated-client, sharing, tiered, compressed oops, compressed class ptrs, g1 gc, windows-amd64)
# No core dump will be written. Minidumps are not enabled by default on client versions of Windows
#

---------------  S U M M A R Y ------------

Command Line: -XX:TieredStopAtLevel=1 com.backend.sporta.SportaApplication

Host: 11th Gen Intel(R) Core(TM) i5-11400H @ 2.70GHz, 12 cores, 15G,  Windows 11 , 64 bit Build 26100 (10.0.26100.8875)
Time: Thu Aug  6 14:48:36 2026 SE Asia Standard Time elapsed time: 19.373783 seconds (0d 0h 0m 19s)

---------------  T H R E A D  ---------------

Current thread (0x0000026fa2f24ce0):  VMThread "VM Thread"          [id=21756, stack(0x0000008c9f800000,0x0000008c9f900000) (1024K)]

Stack: [0x0000008c9f800000,0x0000008c9f900000]
Native frames: (J=compiled Java code, j=interpreted, Vv=VM code, C=native code)
V  [jvm.dll+0x6cae19]
V  [jvm.dll+0x855741]
V  [jvm.dll+0x857c6e]
V  [jvm.dll+0x858343]
V  [jvm.dll+0x27e0b6]
V  [jvm.dll+0x6c7595]
V  [jvm.dll+0x6bc0fa]
V  [jvm.dll+0x353eaa]
V  [jvm.dll+0x35bb26]
V  [jvm.dll+0x3ae52e]
V  [jvm.dll+0x3ae7d8]
V  [jvm.dll+0x3281bc]
V  [jvm.dll+0x328247]
V  [jvm.dll+0x36cbcc]
V  [jvm.dll+0x36b41e]
V  [jvm.dll+0x327981]
V  [jvm.dll+0x36ab3a]
V  [jvm.dll+0x85e110]
V  [jvm.dll+0x85f494]
V  [jvm.dll+0x85f9d0]
V  [jvm.dll+0x85fc73]
V  [jvm.dll+0x7ffa1b]
V  [jvm.dll+0x6c94fd]
C  [ucrtbase.dll+0x2cd30]
C  [KERNEL32.DLL+0x2e957]
C  [ntdll.dll+0xaad6c]

VM_Operation (0x0000008c9f1f6440): G1CollectForAllocation, mode: safepoint, requested by thread 0x0000026f8dc27910


---------------  P R O C E S S  ---------------

Threads class SMR info:
_java_thread_list=0x0000026feaa6abe0, length=15, elements={
0x0000026f8dc27910, 0x0000026fa2f45930, 0x0000026fa2f46380, 0x0000026fa2f4fcb0,
0x0000026fa2f54420, 0x0000026fa2f54ca0, 0x0000026fa2f55520, 0x0000026fa2f58bb0,
0x0000026fe8290510, 0x0000026fe8292d40, 0x0000026fea6d3550, 0x0000026fea6344c0,
0x0000026fea810a70, 0x0000026fea890fa0, 0x0000026feaa6c170
}

Java Threads: ( => current thread )
  0x0000026f8dc27910 JavaThread "main"                              [_thread_blocked, id=28100, stack(0x0000008c9f100000,0x0000008c9f200000) (1024K)]
  0x0000026fa2f45930 JavaThread "Reference Handler"          daemon [_thread_blocked, id=29108, stack(0x0000008c9f900000,0x0000008c9fa00000) (1024K)]
  0x0000026fa2f46380 JavaThread "Finalizer"                  daemon [_thread_blocked, id=29320, stack(0x0000008c9fa00000,0x0000008c9fb00000) (1024K)]
  0x0000026fa2f4fcb0 JavaThread "Signal Dispatcher"          daemon [_thread_blocked, id=25828, stack(0x0000008c9fb00000,0x0000008c9fc00000) (1024K)]
  0x0000026fa2f54420 JavaThread "Attach Listener"            daemon [_thread_blocked, id=20256, stack(0x0000008c9fc00000,0x0000008c9fd00000) (1024K)]
  0x0000026fa2f54ca0 JavaThread "Service Thread"             daemon [_thread_blocked, id=29352, stack(0x0000008c9fd00000,0x0000008c9fe00000) (1024K)]
  0x0000026fa2f55520 JavaThread "Monitor Deflation Thread"   daemon [_thread_blocked, id=8828, stack(0x0000008c9fe00000,0x0000008c9ff00000) (1024K)]
  0x0000026fa2f58bb0 JavaThread "C1 CompilerThread0"         daemon [_thread_blocked, id=23120, stack(0x0000008c9ff00000,0x0000008ca0000000) (1024K)]
  0x0000026fe8290510 JavaThread "Notification Thread"        daemon [_thread_blocked, id=30560, stack(0x0000008ca0100000,0x0000008ca0200000) (1024K)]
  0x0000026fe8292d40 JavaThread "Common-Cleaner"             daemon [_thread_blocked, id=27724, stack(0x0000008ca0200000,0x0000008ca0300000) (1024K)]
  0x0000026fea6d3550 JavaThread "C1 CompilerThread1"         daemon [_thread_blocked, id=15296, stack(0x0000008ca0e00000,0x0000008ca0f00000) (1024K)]
  0x0000026fea6344c0 JavaThread "Cleaner-0"                  daemon [_thread_blocked, id=25896, stack(0x0000008ca0f00000,0x0000008ca1000000) (1024K)]
  0x0000026fea810a70 JavaThread "HikariPool-1:housekeeper"   daemon [_thread_blocked, id=19212, stack(0x0000008ca1000000,0x0000008ca1100000) (1024K)]
  0x0000026fea890fa0 JavaThread "HikariPool-1:connection-adder" daemon [_thread_blocked, id=12840, stack(0x0000008ca1100000,0x0000008ca1200000) (1024K)]
  0x0000026feaa6c170 JavaThread "C1 CompilerThread2"         daemon [_thread_blocked, id=21108, stack(0x0000008ca1200000,0x0000008ca1300000) (1024K)]
Total: 15

Other Threads:
=>0x0000026fa2f24ce0 VMThread "VM Thread"                           [id=21756, stack(0x0000008c9f800000,0x0000008c9f900000) (1024K)]
  0x0000026fa2f0f7e0 WatcherThread "VM Periodic Task Thread"        [id=1868, stack(0x0000008c9f700000,0x0000008c9f800000) (1024K)]
  0x0000026f8dc94550 WorkerThread "GC Thread#0"                     [id=26264, stack(0x0000008c9f200000,0x0000008c9f300000) (1024K)]
  0x0000026fe8cf7cb0 WorkerThread "GC Thread#1"                     [id=14016, stack(0x0000008ca0300000,0x0000008ca0400000) (1024K)]
  0x0000026fe8d0dfb0 WorkerThread "GC Thread#2"                     [id=20564, stack(0x0000008ca0400000,0x0000008ca0500000) (1024K)]
  0x0000026fe8d0e350 WorkerThread "GC Thread#3"                     [id=32564, stack(0x0000008ca0500000,0x0000008ca0600000) (1024K)]
  0x0000026fe8d0e6f0 WorkerThread "GC Thread#4"                     [id=30300, stack(0x0000008ca0600000,0x0000008ca0700000) (1024K)]
  0x0000026fe8d0ea90 WorkerThread "GC Thread#5"                     [id=14780, stack(0x0000008ca0700000,0x0000008ca0800000) (1024K)]
  0x0000026fe8fa6bf0 WorkerThread "GC Thread#6"                     [id=35476, stack(0x0000008ca0900000,0x0000008ca0a00000) (1024K)]
  0x0000026fe8fa87b0 WorkerThread "GC Thread#7"                     [id=6648, stack(0x0000008ca0a00000,0x0000008ca0b00000) (1024K)]
  0x0000026fe8fc9f60 WorkerThread "GC Thread#8"                     [id=3652, stack(0x0000008ca0b00000,0x0000008ca0c00000) (1024K)]
  0x0000026fe8fca300 WorkerThread "GC Thread#9"                     [id=7184, stack(0x0000008ca0c00000,0x0000008ca0d00000) (1024K)]
  0x0000026f8dca5900 ConcurrentGCThread "G1 Main Marker"            [id=11384, stack(0x0000008c9f300000,0x0000008c9f400000) (1024K)]
  0x0000026f8dca6400 WorkerThread "G1 Conc#0"                       [id=26308, stack(0x0000008c9f400000,0x0000008c9f500000) (1024K)]
  0x0000026fe9363580 WorkerThread "G1 Conc#1"                       [id=3256, stack(0x0000008ca0800000,0x0000008ca0900000) (1024K)]
  0x0000026fe9362360 WorkerThread "G1 Conc#2"                       [id=27396, stack(0x0000008ca0d00000,0x0000008ca0e00000) (1024K)]
  0x0000026fa2dd8b70 ConcurrentGCThread "G1 Refine#0"               [id=30016, stack(0x0000008c9f500000,0x0000008c9f600000) (1024K)]
  0x0000026fa2dd95f0 ConcurrentGCThread "G1 Service"                [id=4500, stack(0x0000008c9f600000,0x0000008c9f700000) (1024K)]
Total: 18

Threads with active compile tasks:
Total: 0

VM state: at safepoint (normal execution)

VM Mutex/Monitor currently owned by a thread:  ([mutex/lock_event])
[0x00007ff85a48de50] Threads_lock - owner thread: 0x0000026fa2f24ce0
[0x00007ff85a48df50] Heap_lock - owner thread: 0x0000026f8dc27910

Heap address: 0x0000000704400000, size: 4028 MB, Compressed Oops mode: Zero based, Oop shift amount: 3

CDS archive(s) mapped at: [0x0000026fa3000000-0x0000026fa3c90000-0x0000026fa3c90000), size 13172736, SharedBaseAddress: 0x0000026fa3000000, ArchiveRelocationMode: 1.
Compressed class space mapped at: 0x0000026fa4000000-0x0000026fe4000000, reserved size: 1073741824
Narrow klass base: 0x0000026fa3000000, Narrow klass shift: 0, Narrow klass range: 0x100000000

GC Precious Log:
 CardTable entry size: 512
 Card Set container configuration: InlinePtr #cards 4 size 8 Array Of Cards #cards 16 size 48 Howl #buckets 8 coarsen threshold 3686 Howl Bitmap #cards 512 size 80 coarsen threshold 460 Card regions per heap region 1 cards per card region 4096
 CPUs: 12 total, 12 available
 Memory: 16105M
 Large Page Support: Disabled
 NUMA Support: Disabled
 Compressed Oops: Enabled (Zero based)
 Heap Region Size: 2M
 Heap Min Capacity: 8M
 Heap Initial Capacity: 252M
 Heap Max Capacity: 4028M
 Pre-touch: Disabled
 Parallel Workers: 10
 Concurrent Workers: 3
 Concurrent Refinement Workers: 10
 Periodic GC: Disabled

Heap:
 garbage-first heap   total 90112K, used 35631K [0x0000000704400000, 0x0000000800000000)
  region size 2048K, 4 young (8192K), 4 survivors (8192K)
 Metaspace       used 70263K, committed 70912K, reserved 1114112K
  class space    used 10097K, committed 10368K, reserved 1048576K

Heap Regions: E=young(eden), S=young(survivor), O=old, HS=humongous(starts), HC=humongous(continues), CS=collection set, F=free, TAMS=top-at-mark-start, PB=parsable bottom
|   0|0x0000000704400000, 0x0000000704600000, 0x0000000704600000|100%| O|  |TAMS 0x0000000704400000| PB 0x0000000704400000| Untracked 
|   1|0x0000000704600000, 0x0000000704800000, 0x0000000704800000|100%| O|  |TAMS 0x0000000704600000| PB 0x0000000704600000| Untracked 
|   2|0x0000000704800000, 0x0000000704a00000, 0x0000000704a00000|100%| O|  |TAMS 0x0000000704800000| PB 0x0000000704800000| Untracked 
|   3|0x0000000704a00000, 0x0000000704c00000, 0x0000000704c00000|100%| O|  |TAMS 0x0000000704a00000| PB 0x0000000704a00000| Untracked 
|   4|0x0000000704c00000, 0x0000000704e00000, 0x0000000704e00000|100%| O|  |TAMS 0x0000000704c00000| PB 0x0000000704c00000| Untracked 
|   5|0x0000000704e00000, 0x0000000705000000, 0x0000000705000000|100%| O|  |TAMS 0x0000000704e00000| PB 0x0000000704e00000| Untracked 
|   6|0x0000000705000000, 0x0000000705200000, 0x0000000705200000|100%| O|  |TAMS 0x0000000705000000| PB 0x0000000705000000| Untracked 
|   7|0x0000000705200000, 0x0000000705400000, 0x0000000705400000|100%| O|  |TAMS 0x0000000705200000| PB 0x0000000705200000| Untracked 
|   8|0x0000000705400000, 0x0000000705600000, 0x0000000705600000|100%| O|  |TAMS 0x0000000705400000| PB 0x0000000705400000| Untracked 
|   9|0x0000000705600000, 0x0000000705800000, 0x0000000705800000|100%| O|  |TAMS 0x0000000705600000| PB 0x0000000705600000| Untracked 
|  10|0x0000000705800000, 0x0000000705a00000, 0x0000000705a00000|100%| O|  |TAMS 0x0000000705800000| PB 0x0000000705800000| Untracked 
|  11|0x0000000705a00000, 0x0000000705a00000, 0x0000000705c00000|  0%| F|  |TAMS 0x0000000705a00000| PB 0x0000000705a00000| Untracked 
|  12|0x0000000705c00000, 0x0000000705e00000, 0x0000000705e00000|100%| O|  |TAMS 0x0000000705c00000| PB 0x0000000705c00000| Untracked 
|  13|0x0000000705e00000, 0x0000000706000000, 0x0000000706000000|100%| O|  |TAMS 0x0000000705e00000| PB 0x0000000705e00000| Untracked 
|  14|0x0000000706000000, 0x00000007060cbdd8, 0x0000000706200000| 39%| O|  |TAMS 0x0000000706000000| PB 0x0000000706000000| Untracked 
|  15|0x0000000706200000, 0x0000000706400000, 0x0000000706400000|100%| S|CS|TAMS 0x0000000706200000| PB 0x0000000706200000| Complete 
|  16|0x0000000706400000, 0x0000000706600000, 0x0000000706600000|100%| S|CS|TAMS 0x0000000706400000| PB 0x0000000706400000| Complete 
|  17|0x0000000706600000, 0x0000000706600000, 0x0000000706800000|  0%| F|  |TAMS 0x0000000706600000| PB 0x0000000706600000| Untracked 
|  18|0x0000000706800000, 0x0000000706800000, 0x0000000706a00000|  0%| F|  |TAMS 0x0000000706800000| PB 0x0000000706800000| Untracked 
|  19|0x0000000706a00000, 0x0000000706c00000, 0x0000000706c00000|100%| S|CS|TAMS 0x0000000706a00000| PB 0x0000000706a00000| Complete 
|  20|0x0000000706c00000, 0x0000000706e00000, 0x0000000706e00000|100%| S|CS|TAMS 0x0000000706c00000| PB 0x0000000706c00000| Complete 
|  21|0x0000000706e00000, 0x0000000706e00000, 0x0000000707000000|  0%| F|  |TAMS 0x0000000706e00000| PB 0x0000000706e00000| Untracked 
|  22|0x0000000707000000, 0x0000000707000000, 0x0000000707200000|  0%| F|  |TAMS 0x0000000707000000| PB 0x0000000707000000| Untracked 
|  23|0x0000000707200000, 0x0000000707200000, 0x0000000707400000|  0%| F|  |TAMS 0x0000000707200000| PB 0x0000000707200000| Untracked 
|  24|0x0000000707400000, 0x0000000707400000, 0x0000000707600000|  0%| F|  |TAMS 0x0000000707400000| PB 0x0000000707400000| Untracked 
|  25|0x0000000707600000, 0x0000000707600000, 0x0000000707800000|  0%| F|  |TAMS 0x0000000707600000| PB 0x0000000707600000| Untracked 
|  26|0x0000000707800000, 0x0000000707800000, 0x0000000707a00000|  0%| F|  |TAMS 0x0000000707800000| PB 0x0000000707800000| Untracked 
|  27|0x0000000707a00000, 0x0000000707a00000, 0x0000000707c00000|  0%| F|  |TAMS 0x0000000707a00000| PB 0x0000000707a00000| Untracked 
|  28|0x0000000707c00000, 0x0000000707c00000, 0x0000000707e00000|  0%| F|  |TAMS 0x0000000707c00000| PB 0x0000000707c00000| Untracked 
|  29|0x0000000707e00000, 0x0000000707e00000, 0x0000000708000000|  0%| F|  |TAMS 0x0000000707e00000| PB 0x0000000707e00000| Untracked 
|  30|0x0000000708000000, 0x0000000708000000, 0x0000000708200000|  0%| F|  |TAMS 0x0000000708000000| PB 0x0000000708000000| Untracked 
|  31|0x0000000708200000, 0x0000000708200000, 0x0000000708400000|  0%| F|  |TAMS 0x0000000708200000| PB 0x0000000708200000| Untracked 
|  32|0x0000000708400000, 0x0000000708400000, 0x0000000708600000|  0%| F|  |TAMS 0x0000000708400000| PB 0x0000000708400000| Untracked 
|  33|0x0000000708600000, 0x0000000708600000, 0x0000000708800000|  0%| F|  |TAMS 0x0000000708600000| PB 0x0000000708600000| Untracked 
|  34|0x0000000708800000, 0x0000000708800000, 0x0000000708a00000|  0%| F|  |TAMS 0x0000000708800000| PB 0x0000000708800000| Untracked 
|  35|0x0000000708a00000, 0x0000000708a00000, 0x0000000708c00000|  0%| F|  |TAMS 0x0000000708a00000| PB 0x0000000708a00000| Untracked 
|  36|0x0000000708c00000, 0x0000000708c00000, 0x0000000708e00000|  0%| F|  |TAMS 0x0000000708c00000| PB 0x0000000708c00000| Untracked 
|  37|0x0000000708e00000, 0x0000000708e00000, 0x0000000709000000|  0%| F|  |TAMS 0x0000000708e00000| PB 0x0000000708e00000| Untracked 
| 119|0x0000000713200000, 0x0000000713200000, 0x0000000713400000|  0%| F|  |TAMS 0x0000000713200000| PB 0x0000000713200000| Untracked 
| 120|0x0000000713400000, 0x0000000713400000, 0x0000000713600000|  0%| F|  |TAMS 0x0000000713400000| PB 0x0000000713400000| Untracked 
| 121|0x0000000713600000, 0x0000000713600000, 0x0000000713800000|  0%| F|  |TAMS 0x0000000713600000| PB 0x0000000713600000| Untracked 
| 122|0x0000000713800000, 0x0000000713800000, 0x0000000713a00000|  0%| F|  |TAMS 0x0000000713800000| PB 0x0000000713800000| Untracked 
| 123|0x0000000713a00000, 0x0000000713a00000, 0x0000000713c00000|  0%| F|  |TAMS 0x0000000713a00000| PB 0x0000000713a00000| Untracked 
| 125|0x0000000713e00000, 0x0000000713e00000, 0x0000000714000000|  0%| F|  |TAMS 0x0000000713e00000| PB 0x0000000713e00000| Untracked 

Card table byte_map: [0x0000026f9bb60000,0x0000026f9c340000] _byte_map_base: 0x0000026f9833e000

Marking Bits: (CMBitMap*) 0x0000026f8dc94c50
 Bits: [0x0000026f9c340000, 0x0000026fa0230000)

Polling page: 0x0000026f97850000

Metaspace:

Usage:
  Non-class:     58.76 MB used.
      Class:      9.86 MB used.
       Both:     68.62 MB used.

Virtual space:
  Non-class space:       64.00 MB reserved,      59.12 MB ( 92%) committed,  1 nodes.
      Class space:        1.00 GB reserved,      10.12 MB ( <1%) committed,  1 nodes.
             Both:        1.06 GB reserved,      69.25 MB (  6%) committed. 

Chunk freelists:
   Non-Class:  4.27 MB
       Class:  5.69 MB
        Both:  9.95 MB

MaxMetaspaceSize: unlimited
CompressedClassSpaceSize: 1.00 GB
Initial GC threshold: 21.00 MB
Current GC threshold: 97.94 MB
CDS: on
 - commit_granule_bytes: 65536.
 - commit_granule_words: 8192.
 - virtual_space_node_default_size: 8388608.
 - enlarge_chunks_in_place: 1.
 - use_allocation_guard: 0.


Internal statistics:

num_allocs_failed_limit: 9.
num_arena_births: 926.
num_arena_deaths: 0.
num_vsnodes_births: 2.
num_vsnodes_deaths: 0.
num_space_committed: 1108.
num_space_uncommitted: 0.
num_chunks_returned_to_freelist: 9.
num_chunks_taken_from_freelist: 3454.
num_chunk_merges: 9.
num_chunk_splits: 2610.
num_chunks_enlarged: 2123.
num_inconsistent_stats: 0.

CodeCache: size=49152Kb used=13754Kb max_used=13754Kb free=35397Kb
 bounds [0x0000026f97870000, 0x0000026f985e0000, 0x0000026f9a870000]
 total_blobs=7919 nmethods=7228 adapters=612
 compilation: enabled
              stopped_count=0, restarted_count=0
 full_count=0

Compilation events (20 events):
Event: 19.140 Thread 0x0000026fea6d3550 7286       1       org.antlr.v4.runtime.atn.PredictionContext::mergeArrays (809 bytes)
Event: 19.140 Thread 0x0000026fa2f58bb0 7287       1       org.antlr.v4.runtime.atn.PredictionContext::combineCommonParents (75 bytes)
Event: 19.140 Thread 0x0000026fa2f58bb0 nmethod 7287 0x0000026f985d7610 code [0x0000026f985d77e0, 0x0000026f985d7bd0]
Event: 19.142 Thread 0x0000026fa2f58bb0 7288       1       java.util.Arrays::copyOf (33 bytes)
Event: 19.142 Thread 0x0000026feaa6c170 7289       1       jdk.internal.util.ArraysSupport::vectorizedMismatch (268 bytes)
Event: 19.142 Thread 0x0000026fa2f58bb0 nmethod 7288 0x0000026f985d7e10 code [0x0000026f985d7fe0, 0x0000026f985d8258]
Event: 19.143 Thread 0x0000026feaa6c170 nmethod 7289 0x0000026f985d8390 code [0x0000026f985d8560, 0x0000026f985d8820]
Event: 19.143 Thread 0x0000026fea6d3550 nmethod 7286 0x0000026f985d8990 code [0x0000026f985d9040, 0x0000026f985db4c0]
Event: 19.145 Thread 0x0000026fea6d3550 7290       1       java.util.Arrays::equals (43 bytes)
Event: 19.145 Thread 0x0000026feaa6c170 7291       1       jdk.internal.util.ArraysSupport::mismatch (72 bytes)
Event: 19.145 Thread 0x0000026fea6d3550 nmethod 7290 0x0000026f985dca10 code [0x0000026f985dcbc0, 0x0000026f985dcd50]
Event: 19.145 Thread 0x0000026feaa6c170 nmethod 7291 0x0000026f985dce10 code [0x0000026f985dcfe0, 0x0000026f985dd260]
Event: 19.165 Thread 0x0000026feaa6c170 7292       1       java.util.IdentityHashMap::put (137 bytes)
Event: 19.165 Thread 0x0000026fa2f58bb0 7293       1       org.antlr.v4.runtime.atn.SingletonPredictionContext::size (2 bytes)
Event: 19.165 Thread 0x0000026fa2f58bb0 nmethod 7293 0x0000026f985dd410 code [0x0000026f985dd5a0, 0x0000026f985dd668]
Event: 19.165 Thread 0x0000026fa2f58bb0 7294       1       java.util.IdentityHashMap::init (11 bytes)
Event: 19.166 Thread 0x0000026fa2f58bb0 nmethod 7294 0x0000026f985dd710 code [0x0000026f985dd8a0, 0x0000026f985dda58]
Event: 19.166 Thread 0x0000026feaa6c170 nmethod 7292 0x0000026f985ddb10 code [0x0000026f985ddd00, 0x0000026f985de250]
Event: 19.169 Thread 0x0000026feaa6c170 7295       1       org.antlr.v4.runtime.atn.ATNConfig::<init> (26 bytes)
Event: 19.169 Thread 0x0000026feaa6c170 nmethod 7295 0x0000026f985de490 code [0x0000026f985de640, 0x0000026f985de830]

GC Heap History (20 events):
Event: 2.156 GC heap after
{Heap after GC invocations=2 (full 0):
 garbage-first heap   total 258048K, used 11418K [0x0000000704400000, 0x0000000800000000)
  region size 2048K, 2 young (4096K), 2 survivors (4096K)
 Metaspace       used 8672K, committed 9024K, reserved 1114112K
  class space    used 1252K, committed 1408K, reserved 1048576K
}
Event: 4.371 GC heap before
{Heap before GC invocations=2 (full 0):
 garbage-first heap   total 258048K, used 74906K [0x0000000704400000, 0x0000000800000000)
  region size 2048K, 34 young (69632K), 2 survivors (4096K)
 Metaspace       used 20935K, committed 21312K, reserved 1114112K
  class space    used 2843K, committed 3008K, reserved 1048576K
}
Event: 4.379 GC heap after
{Heap after GC invocations=3 (full 0):
 garbage-first heap   total 258048K, used 17274K [0x0000000704400000, 0x0000000800000000)
  region size 2048K, 5 young (10240K), 5 survivors (10240K)
 Metaspace       used 20935K, committed 21312K, reserved 1114112K
  class space    used 2843K, committed 3008K, reserved 1048576K
}
Event: 4.501 GC heap before
{Heap before GC invocations=3 (full 0):
 garbage-first heap   total 258048K, used 19322K [0x0000000704400000, 0x0000000800000000)
  region size 2048K, 7 young (14336K), 5 survivors (10240K)
 Metaspace       used 21135K, committed 21504K, reserved 1114112K
  class space    used 2871K, committed 3008K, reserved 1048576K
}
Event: 4.506 GC heap after
{Heap after GC invocations=4 (full 0):
 garbage-first heap   total 258048K, used 17546K [0x0000000704400000, 0x0000000800000000)
  region size 2048K, 5 young (10240K), 5 survivors (10240K)
 Metaspace       used 21135K, committed 21504K, reserved 1114112K
  class space    used 2871K, committed 3008K, reserved 1048576K
}
Event: 7.749 GC heap before
{Heap before GC invocations=5 (full 0):
 garbage-first heap   total 75776K, used 72842K [0x0000000704400000, 0x0000000800000000)
  region size 2048K, 32 young (65536K), 5 survivors (10240K)
 Metaspace       used 27194K, committed 27712K, reserved 1114112K
  class space    used 3739K, committed 3968K, reserved 1048576K
}
Event: 7.762 GC heap after
{Heap after GC invocations=6 (full 0):
 garbage-first heap   total 90112K, used 22754K [0x0000000704400000, 0x0000000800000000)
  region size 2048K, 7 young (14336K), 7 survivors (14336K)
 Metaspace       used 27194K, committed 27712K, reserved 1114112K
  class space    used 3739K, committed 3968K, reserved 1048576K
}
Event: 10.132 GC heap before
{Heap before GC invocations=6 (full 0):
 garbage-first heap   total 90112K, used 61666K [0x0000000704400000, 0x0000000800000000)
  region size 2048K, 26 young (53248K), 7 survivors (14336K)
 Metaspace       used 34086K, committed 34688K, reserved 1114112K
  class space    used 4643K, committed 4928K, reserved 1048576K
}
Event: 10.148 GC heap after
{Heap after GC invocations=7 (full 0):
 garbage-first heap   total 90112K, used 25350K [0x0000000704400000, 0x0000000800000000)
  region size 2048K, 2 young (4096K), 2 survivors (4096K)
 Metaspace       used 34086K, committed 34688K, reserved 1114112K
  class space    used 4643K, committed 4928K, reserved 1048576K
}
Event: 10.433 GC heap before
{Heap before GC invocations=7 (full 0):
 garbage-first heap   total 90112K, used 29446K [0x0000000704400000, 0x0000000800000000)
  region size 2048K, 5 young (10240K), 2 survivors (4096K)
 Metaspace       used 35373K, committed 35968K, reserved 1114112K
  class space    used 4836K, committed 5120K, reserved 1048576K
}
Event: 10.440 GC heap after
{Heap after GC invocations=8 (full 0):
 garbage-first heap   total 90112K, used 24784K [0x0000000704400000, 0x0000000800000000)
  region size 2048K, 2 young (4096K), 2 survivors (4096K)
 Metaspace       used 35373K, committed 35968K, reserved 1114112K
  class space    used 4836K, committed 5120K, reserved 1048576K
}
Event: 14.420 GC heap before
{Heap before GC invocations=9 (full 0):
 garbage-first heap   total 90112K, used 71888K [0x0000000704400000, 0x0000000800000000)
  region size 2048K, 26 young (53248K), 2 survivors (4096K)
 Metaspace       used 47084K, committed 47744K, reserved 1114112K
  class space    used 6659K, committed 6976K, reserved 1048576K
}
Event: 14.435 GC heap after
{Heap after GC invocations=10 (full 0):
 garbage-first heap   total 90112K, used 28105K [0x0000000704400000, 0x0000000800000000)
  region size 2048K, 4 young (8192K), 4 survivors (8192K)
 Metaspace       used 47084K, committed 47744K, reserved 1114112K
  class space    used 6659K, committed 6976K, reserved 1048576K
}
Event: 15.582 GC heap before
{Heap before GC invocations=10 (full 0):
 garbage-first heap   total 90112K, used 73161K [0x0000000704400000, 0x0000000800000000)
  region size 2048K, 26 young (53248K), 4 survivors (8192K)
 Metaspace       used 54161K, committed 54784K, reserved 1114112K
  class space    used 7449K, committed 7744K, reserved 1048576K
}
Event: 15.597 GC heap after
{Heap after GC invocations=11 (full 0):
 garbage-first heap   total 90112K, used 30191K [0x0000000704400000, 0x0000000800000000)
  region size 2048K, 3 young (6144K), 3 survivors (6144K)
 Metaspace       used 54161K, committed 54784K, reserved 1114112K
  class space    used 7449K, committed 7744K, reserved 1048576K
}
Event: 16.273 GC heap before
{Heap before GC invocations=11 (full 0):
 garbage-first heap   total 90112K, used 46575K [0x0000000704400000, 0x0000000800000000)
  region size 2048K, 12 young (24576K), 3 survivors (6144K)
 Metaspace       used 59488K, committed 60096K, reserved 1114112K
  class space    used 8333K, committed 8640K, reserved 1048576K
}
Event: 16.284 GC heap after
{Heap after GC invocations=12 (full 0):
 garbage-first heap   total 90112K, used 31051K [0x0000000704400000, 0x0000000800000000)
  region size 2048K, 2 young (4096K), 2 survivors (4096K)
 Metaspace       used 59488K, committed 60096K, reserved 1114112K
  class space    used 8333K, committed 8640K, reserved 1048576K
}
Event: 17.233 GC heap before
{Heap before GC invocations=13 (full 0):
 garbage-first heap   total 90112K, used 78155K [0x0000000704400000, 0x0000000800000000)
  region size 2048K, 25 young (51200K), 2 survivors (4096K)
 Metaspace       used 61715K, committed 62400K, reserved 1114112K
  class space    used 8739K, committed 9024K, reserved 1048576K
}
Event: 17.253 GC heap after
{Heap after GC invocations=14 (full 0):
 garbage-first heap   total 90112K, used 31974K [0x0000000704400000, 0x0000000800000000)
  region size 2048K, 2 young (4096K), 2 survivors (4096K)
 Metaspace       used 61715K, committed 62400K, reserved 1114112K
  class space    used 8739K, committed 9024K, reserved 1048576K
}
Event: 19.174 GC heap before
{Heap before GC invocations=14 (full 0):
 garbage-first heap   total 90112K, used 77030K [0x0000000704400000, 0x0000000800000000)
  region size 2048K, 25 young (51200K), 2 survivors (4096K)
 Metaspace       used 70263K, committed 70912K, reserved 1114112K
  class space    used 10097K, committed 10368K, reserved 1048576K
}

Dll operation events (9 events):
Event: 0.027 Loaded shared library C:\Program Files\Java\jdk-21\bin\java.dll
Event: 0.454 Loaded shared library C:\Program Files\Java\jdk-21\bin\net.dll
Event: 0.459 Loaded shared library C:\Program Files\Java\jdk-21\bin\nio.dll
Event: 0.467 Loaded shared library C:\Program Files\Java\jdk-21\bin\zip.dll
Event: 0.706 Loaded shared library C:\Program Files\Java\jdk-21\bin\jimage.dll
Event: 2.780 Loaded shared library C:\Program Files\Java\jdk-21\bin\sunmscapi.dll
Event: 8.669 Loaded shared library C:\Program Files\Java\jdk-21\bin\management.dll
Event: 8.676 Loaded shared library C:\Program Files\Java\jdk-21\bin\management_ext.dll
Event: 13.191 Loaded shared library C:\Program Files\Java\jdk-21\bin\extnet.dll

Deoptimization events (2 events):
Event: 18.144 Thread 0x0000026f8dc27910 DEOPT PACKING pc=0x0000026f97b41434 sp=0x0000008c9f1fb7e0
Event: 18.144 Thread 0x0000026f8dc27910 DEOPT UNPACKING pc=0x0000026f978c88e2 sp=0x0000008c9f1fad10 mode 0

Classes loaded (20 events):
Event: 18.005 Loading class sun/reflect/generics/reflectiveObjects/GenericArrayTypeImpl
Event: 18.005 Loading class sun/reflect/generics/reflectiveObjects/GenericArrayTypeImpl done
Event: 18.143 Loading class java/util/regex/Pattern$SliceS
Event: 18.143 Loading class java/util/regex/Pattern$SliceS done
Event: 18.222 Loading class java/lang/Package$1PackageInfoProxy
Event: 18.223 Loading class java/lang/Package$1PackageInfoProxy done
Event: 18.384 Loading class java/lang/invoke/WrongMethodTypeException
Event: 18.384 Loading class java/lang/invoke/WrongMethodTypeException done
Event: 18.409 Loading class java/util/regex/Pattern$Bound
Event: 18.409 Loading class java/util/regex/Pattern$Bound done
Event: 18.411 Loading class java/util/regex/Pattern$LookBehindEndNode
Event: 18.411 Loading class java/util/regex/Pattern$LookBehindEndNode done
Event: 18.411 Loading class java/util/regex/Pattern$NotBehind
Event: 18.411 Loading class java/util/regex/Pattern$NotBehind done
Event: 18.411 Loading class java/util/regex/Pattern$Behind
Event: 18.411 Loading class java/util/regex/Pattern$Behind done
Event: 18.444 Loading class java/util/EmptyStackException
Event: 18.444 Loading class java/util/EmptyStackException done
Event: 18.846 Loading class java/io/InvalidClassException
Event: 18.846 Loading class java/io/InvalidClassException done

Classes unloaded (0 events):
No events

Classes redefined (0 events):
No events

Internal exceptions (20 events):
Event: 14.892 Thread 0x0000026f8dc27910 Exception <a 'java/lang/NoSuchMethodError'{0x0000000708c8f518}: 'void java.lang.invoke.DirectMethodHandle$Holder.invokeSpecial(java.lang.Object, java.lang.Object, java.lang.Object, int, java.lang.Object, java.lang.Object, java.lang.Object)'> (0x0000000708c8f518) 
thrown [s\open\src\hotspot\share\interpreter\linkResolver.cpp, line 773]
Event: 14.893 Thread 0x0000026f8dc27910 Exception <a 'java/lang/NoSuchMethodError'{0x0000000708c9b200}: 'java.lang.Object java.lang.invoke.DirectMethodHandle$Holder.invokeSpecial(java.lang.Object, java.lang.Object, java.lang.Object, java.lang.Object, int, java.lang.Object, java.lang.Object)'> (0x0000000708c9b200) 
thrown [s\open\src\hotspot\share\interpreter\linkResolver.cpp, line 773]
Event: 15.553 Thread 0x0000026f8dc27910 Exception <a 'java/lang/IncompatibleClassChangeError'{0x000000070712ed50}: Found class java.lang.Object, but interface was expected> (0x000000070712ed50) 
thrown [s\open\src\hotspot\share\interpreter\linkResolver.cpp, line 840]
Event: 15.573 Thread 0x0000026f8dc27910 Exception <a 'java/lang/NoSuchMethodError'{0x00000007071d28e0}: 'java.lang.Object java.lang.invoke.DirectMethodHandle$Holder.invokeStatic(java.lang.Object, java.lang.Object, int, java.lang.Object)'> (0x00000007071d28e0) 
thrown [s\open\src\hotspot\share\interpreter\linkResolver.cpp, line 773]
Event: 15.574 Thread 0x0000026f8dc27910 Exception <a 'java/lang/NoSuchMethodError'{0x00000007071d6648}: 'java.lang.Object java.lang.invoke.DirectMethodHandle$Holder.invokeStaticInit(java.lang.Object, java.lang.Object, int, java.lang.Object)'> (0x00000007071d6648) 
thrown [s\open\src\hotspot\share\interpreter\linkResolver.cpp, line 773]
Event: 17.148 Thread 0x0000026f8dc27910 Exception <a 'java/lang/NoSuchMethodError'{0x0000000706d95f50}: 'void java.lang.invoke.DirectMethodHandle$Holder.invokeStaticInit(java.lang.Object, int, java.lang.Object, java.lang.Object, java.lang.Object, java.lang.Object)'> (0x0000000706d95f50) 
thrown [s\open\src\hotspot\share\interpreter\linkResolver.cpp, line 773]
Event: 17.156 Thread 0x0000026f8dc27910 Exception <a 'java/lang/NoSuchMethodError'{0x0000000706dd9a18}: 'void java.lang.invoke.DirectMethodHandle$Holder.invokeSpecial(java.lang.Object, java.lang.Object, java.lang.Object, java.lang.Object, java.lang.Object, int, java.lang.Object, java.lang.Object)'> (0x0000000706dd9a18) 
thrown [s\open\src\hotspot\share\interpreter\linkResolver.cpp, line 773]
Event: 17.210 Thread 0x0000026f8dc27910 Exception <a 'java/lang/NoSuchMethodError'{0x0000000706b3a2a8}: 'int java.lang.invoke.DirectMethodHandle$Holder.invokeStatic(java.lang.Object, java.lang.Object, java.lang.Object, java.lang.Object, java.lang.Object, java.lang.Object)'> (0x0000000706b3a2a8) 
thrown [s\open\src\hotspot\share\interpreter\linkResolver.cpp, line 773]
Event: 17.214 Thread 0x0000026f8dc27910 Exception <a 'java/lang/NoSuchMethodError'{0x0000000706b4d7f8}: 'int java.lang.invoke.DirectMethodHandle$Holder.invokeStatic(java.lang.Object, java.lang.Object, java.lang.Object, java.lang.Object, java.lang.Object)'> (0x0000000706b4d7f8) 
thrown [s\open\src\hotspot\share\interpreter\linkResolver.cpp, line 773]
Event: 17.265 Thread 0x0000026f8dc27910 Exception <a 'java/lang/NoSuchMethodError'{0x0000000713e454d0}: 'void java.lang.invoke.DirectMethodHandle$Holder.invokeInterface(java.lang.Object, java.lang.Object, int, java.lang.Object)'> (0x0000000713e454d0) 
thrown [s\open\src\hotspot\share\interpreter\linkResolver.cpp, line 773]
Event: 17.270 Thread 0x0000026f8dc27910 Exception <a 'java/lang/NoSuchMethodError'{0x0000000713e77748}: 'java.lang.Object java.lang.invoke.DirectMethodHandle$Holder.newInvokeSpecial(java.lang.Object, java.lang.Object, int, java.lang.Object)'> (0x0000000713e77748) 
thrown [s\open\src\hotspot\share\interpreter\linkResolver.cpp, line 773]
Event: 17.295 Thread 0x0000026f8dc27910 Exception <a 'java/lang/NoSuchMethodError'{0x0000000713f4bd68}: 'void java.lang.invoke.DirectMethodHandle$Holder.invokeSpecial(java.lang.Object, java.lang.Object, java.lang.Object, java.lang.Object, java.lang.Object, java.lang.Object, java.lang.Object, java.lang.Object)'> (0x0000000713f4bd68) 
thrown [s\open\src\hotspot\share\interpreter\linkResolver.cpp, line 773]
Event: 17.343 Thread 0x0000026f8dc27910 Exception <a 'java/lang/NoSuchMethodError'{0x0000000713ae4720}: 'int java.lang.invoke.DirectMethodHandle$Holder.invokeStatic(java.lang.Object, int, java.lang.Object)'> (0x0000000713ae4720) 
thrown [s\open\src\hotspot\share\interpreter\linkResolver.cpp, line 773]
Event: 17.352 Thread 0x0000026f8dc27910 Exception <a 'java/lang/NoSuchMethodError'{0x0000000713b356c8}: 'java.lang.Object java.lang.invoke.Invokers$Holder.linkToTargetMethod(java.lang.Object, java.lang.Object, java.lang.Object, java.lang.Object, java.lang.Object, java.lang.Object, java.lang.Object, java.lang.Object, java.lang.Object, java.lang.Object, java.lang.Object, java.lang.Object)'> (0x0000000713b356c8) 
thrown [s\open\src\hotspot\share\interpreter\linkResolver.cpp, line 773]
Event: 17.373 Thread 0x0000026f8dc27910 Exception <a 'java/lang/IncompatibleClassChangeError'{0x0000000713bb30b0}: Found class java.lang.Object, but interface was expected> (0x0000000713bb30b0) 
thrown [s\open\src\hotspot\share\interpreter\linkResolver.cpp, line 840]
Event: 17.437 Thread 0x0000026f8dc27910 Exception <a 'java/lang/IncompatibleClassChangeError'{0x0000000713996488}: Found class java.lang.Object, but interface was expected> (0x0000000713996488) 
thrown [s\open\src\hotspot\share\interpreter\linkResolver.cpp, line 840]
Event: 17.483 Thread 0x0000026f8dc27910 Exception <a 'java/lang/NoSuchMethodError'{0x00000007137116b8}: 'java.lang.Object java.lang.invoke.DirectMethodHandle$Holder.newInvokeSpecial(java.lang.Object, java.lang.Object, int, java.lang.Object, int, java.lang.Object, java.lang.Object)'> (0x00000007137116b8) 
thrown [s\open\src\hotspot\share\interpreter\linkResolver.cpp, line 773]
Event: 18.031 Thread 0x0000026f8dc27910 Exception <a 'java/lang/IncompatibleClassChangeError'{0x00000007086042c0}: Found class java.lang.Object, but interface was expected> (0x00000007086042c0) 
thrown [s\open\src\hotspot\share\interpreter\linkResolver.cpp, line 840]
Event: 18.090 Thread 0x0000026f8dc27910 Exception <a 'java/lang/IncompatibleClassChangeError'{0x00000007087bebf8}: Found class java.lang.Object, but interface was expected> (0x00000007087bebf8) 
thrown [s\open\src\hotspot\share\interpreter\linkResolver.cpp, line 840]
Event: 18.412 Thread 0x0000026f8dc27910 Exception <a 'java/lang/IncompatibleClassChangeError'{0x0000000707d601c0}: Found class java.lang.Object, but interface was expected> (0x0000000707d601c0) 
thrown [s\open\src\hotspot\share\interpreter\linkResolver.cpp, line 840]

ZGC Phase Switch (0 events):
No events

VM Operations (20 events):
Event: 17.399 Executing VM operation: HandshakeAllThreads (Deoptimize) done
Event: 17.430 Executing VM operation: HandshakeAllThreads (Deoptimize)
Event: 17.430 Executing VM operation: HandshakeAllThreads (Deoptimize) done
Event: 17.509 Executing VM operation: HandshakeAllThreads (Deoptimize)
Event: 17.509 Executing VM operation: HandshakeAllThreads (Deoptimize) done
Event: 17.519 Executing VM operation: HandshakeAllThreads (Deoptimize)
Event: 17.519 Executing VM operation: HandshakeAllThreads (Deoptimize) done
Event: 17.720 Executing VM operation: HandshakeAllThreads (Deoptimize)
Event: 17.720 Executing VM operation: HandshakeAllThreads (Deoptimize) done
Event: 18.144 Executing VM operation: HandshakeAllThreads (Deoptimize)
Event: 18.144 Executing VM operation: HandshakeAllThreads (Deoptimize) done
Event: 18.230 Executing VM operation: HandshakeAllThreads (Deoptimize)
Event: 18.230 Executing VM operation: HandshakeAllThreads (Deoptimize) done
Event: 18.231 Executing VM operation: HandshakeAllThreads (Deoptimize)
Event: 18.231 Executing VM operation: HandshakeAllThreads (Deoptimize) done
Event: 18.872 Executing VM operation: HandshakeAllThreads (Deoptimize)
Event: 18.872 Executing VM operation: HandshakeAllThreads (Deoptimize) done
Event: 18.872 Executing VM operation: Cleanup
Event: 18.872 Executing VM operation: Cleanup done
Event: 19.173 Executing VM operation: G1CollectForAllocation (G1 Evacuation Pause)

Events (20 events):
Event: 16.310 Thread 0x0000026fa2f24ce0 flushing nmethod 0x0000026f97e90510
Event: 16.310 Thread 0x0000026fa2f24ce0 flushing nmethod 0x0000026f97ea2790
Event: 16.310 Thread 0x0000026fa2f24ce0 flushing nmethod 0x0000026f97edfe90
Event: 16.310 Thread 0x0000026fa2f24ce0 flushing nmethod 0x0000026f97f0b190
Event: 16.310 Thread 0x0000026fa2f24ce0 flushing nmethod 0x0000026f97f12a10
Event: 16.310 Thread 0x0000026fa2f24ce0 flushing nmethod 0x0000026f97f69b90
Event: 16.310 Thread 0x0000026fa2f24ce0 flushing nmethod 0x0000026f980a8510
Event: 16.310 Thread 0x0000026fa2f24ce0 flushing nmethod 0x0000026f97b1e910
Event: 16.310 Thread 0x0000026fa2f24ce0 flushing nmethod 0x0000026f97b61f10
Event: 16.310 Thread 0x0000026fa2f24ce0 flushing nmethod 0x0000026f97bbbe90
Event: 16.310 Thread 0x0000026fa2f24ce0 flushing nmethod 0x0000026f97cc2910
Event: 16.310 Thread 0x0000026fa2f24ce0 flushing nmethod 0x0000026f97d03f10
Event: 16.310 Thread 0x0000026fa2f24ce0 flushing nmethod 0x0000026f97e11110
Event: 16.310 Thread 0x0000026fa2f24ce0 flushing nmethod 0x0000026f97e15210
Event: 16.310 Thread 0x0000026fa2f24ce0 flushing nmethod 0x0000026f97e1fe90
Event: 16.310 Thread 0x0000026fa2f24ce0 flushing nmethod 0x0000026f97eaee10
Event: 16.310 Thread 0x0000026fa2f24ce0 flushing nmethod 0x0000026f97f11a90
Event: 16.310 Thread 0x0000026fa2f24ce0 flushing nmethod 0x0000026f97f2d090
Event: 16.310 Thread 0x0000026fa2f24ce0 flushing nmethod 0x0000026f97f99c10
Event: 16.310 Thread 0x0000026fa2f24ce0 flushing nmethod 0x0000026f98097510


Dynamic libraries:
0x00007ff6dfc10000 - 0x00007ff6dfc20000 	C:\Program Files\Java\jdk-21\bin\java.exe
0x00007ff8de2c0000 - 0x00007ff8de526000 	C:\WINDOWS\SYSTEM32\ntdll.dll
0x00007ff8dcd10000 - 0x00007ff8dcdd9000 	C:\WINDOWS\System32\KERNEL32.DLL
0x00007ff8db8a0000 - 0x00007ff8dbc9e000 	C:\WINDOWS\System32\KERNELBASE.dll
0x00007ff8dbe90000 - 0x00007ff8dbfdc000 	C:\WINDOWS\System32\ucrtbase.dll
0x00007ff8b5410000 - 0x00007ff8b542b000 	C:\Program Files\Java\jdk-21\bin\VCRUNTIME140.dll
0x00007ff8be740000 - 0x00007ff8be759000 	C:\Program Files\Java\jdk-21\bin\jli.dll
0x00007ff8dc7d0000 - 0x00007ff8dc887000 	C:\WINDOWS\System32\ADVAPI32.dll
0x00007ff8dd6d0000 - 0x00007ff8dd779000 	C:\WINDOWS\System32\msvcrt.dll
0x00007ff8dd970000 - 0x00007ff8dda1a000 	C:\WINDOWS\System32\sechost.dll
0x00007ff8dbff0000 - 0x00007ff8dc108000 	C:\WINDOWS\System32\RPCRT4.dll
0x00007ff8dc110000 - 0x00007ff8dc2d7000 	C:\WINDOWS\System32\USER32.dll
0x00007ff8db720000 - 0x00007ff8db747000 	C:\WINDOWS\System32\win32u.dll
0x00007ff8dd680000 - 0x00007ff8dd6ab000 	C:\WINDOWS\System32\GDI32.dll
0x00007ff8dbd60000 - 0x00007ff8dbe8a000 	C:\WINDOWS\System32\gdi32full.dll
0x00007ff8dbcb0000 - 0x00007ff8dbd53000 	C:\WINDOWS\System32\msvcp_win.dll
0x00007ff8bfdc0000 - 0x00007ff8c0052000 	C:\WINDOWS\WinSxS\amd64_microsoft.windows.common-controls_6595b64144ccf1df_6.0.26100.8875_none_3e0d5d42e32fe9dd\COMCTL32.dll
0x00007ff8d2990000 - 0x00007ff8d299b000 	C:\WINDOWS\SYSTEM32\VERSION.dll
0x00007ff8dc3e0000 - 0x00007ff8dc412000 	C:\WINDOWS\System32\IMM32.DLL
0x00007ff8c48c0000 - 0x00007ff8c48cc000 	C:\Program Files\Java\jdk-21\bin\vcruntime140_1.dll
0x00007ff890920000 - 0x00007ff8909ae000 	C:\Program Files\Java\jdk-21\bin\msvcp140.dll
0x00007ff859850000 - 0x00007ff85a56a000 	C:\Program Files\Java\jdk-21\bin\server\jvm.dll
0x00007ff8dce60000 - 0x00007ff8dcee0000 	C:\WINDOWS\System32\WS2_32.dll
0x00007ff8d9fe0000 - 0x00007ff8da03e000 	C:\WINDOWS\SYSTEM32\POWRPROF.dll
0x00007ff8cf430000 - 0x00007ff8cf466000 	C:\WINDOWS\SYSTEM32\WINMM.dll
0x00007ff8d9fc0000 - 0x00007ff8d9fd4000 	C:\WINDOWS\SYSTEM32\UMPDC.dll
0x00007ff8da2a0000 - 0x00007ff8da2bb000 	C:\WINDOWS\SYSTEM32\kernel.appcore.dll
0x00007ff8c4090000 - 0x00007ff8c409a000 	C:\Program Files\Java\jdk-21\bin\jimage.dll
0x00007ff8d8410000 - 0x00007ff8d8652000 	C:\WINDOWS\SYSTEM32\DBGHELP.DLL
0x00007ff8dc420000 - 0x00007ff8dc7a3000 	C:\WINDOWS\System32\combase.dll
0x00007ff8dcc30000 - 0x00007ff8dcd09000 	C:\WINDOWS\System32\OLEAUT32.dll
0x00007ff8bd930000 - 0x00007ff8bd96b000 	C:\WINDOWS\SYSTEM32\dbgcore.DLL
0x00007ff8db4e0000 - 0x00007ff8db58c000 	C:\WINDOWS\System32\bcryptPrimitives.dll
0x00007ff8b0de0000 - 0x00007ff8b0dff000 	C:\Program Files\Java\jdk-21\bin\java.dll
0x00007ff8dda20000 - 0x00007ff8de1b2000 	C:\WINDOWS\System32\SHELL32.dll
0x00007ff8d8f60000 - 0x00007ff8d97f2000 	C:\WINDOWS\SYSTEM32\windows.storage.dll
0x00007ff8dcef0000 - 0x00007ff8dcfe7000 	C:\WINDOWS\System32\SHCORE.dll
0x00007ff8dcb70000 - 0x00007ff8dcbd7000 	C:\WINDOWS\System32\shlwapi.dll
0x00007ff8db400000 - 0x00007ff8db429000 	C:\WINDOWS\SYSTEM32\profapi.dll
0x00007ff8c3ee0000 - 0x00007ff8c3ef0000 	C:\Program Files\Java\jdk-21\bin\net.dll
0x00007ff8d42b0000 - 0x00007ff8d43d7000 	C:\WINDOWS\SYSTEM32\WINHTTP.dll
0x00007ff8da830000 - 0x00007ff8da89c000 	C:\WINDOWS\system32\mswsock.dll
0x00007ff8b0ab0000 - 0x00007ff8b0ac6000 	C:\Program Files\Java\jdk-21\bin\nio.dll
0x00007ff8adc80000 - 0x00007ff8adc98000 	C:\Program Files\Java\jdk-21\bin\zip.dll
0x00007ff8bbfa0000 - 0x00007ff8bbfae000 	C:\Program Files\Java\jdk-21\bin\sunmscapi.dll
0x00007ff8db5a0000 - 0x00007ff8db718000 	C:\WINDOWS\System32\CRYPT32.dll
0x00007ff8dadd0000 - 0x00007ff8dae00000 	C:\WINDOWS\SYSTEM32\ncrypt.dll
0x00007ff8dad80000 - 0x00007ff8dadbf000 	C:\WINDOWS\SYSTEM32\NTASN1.dll
0x00007ff8dac60000 - 0x00007ff8dac7b000 	C:\WINDOWS\SYSTEM32\CRYPTSP.dll
0x00007ff8da200000 - 0x00007ff8da239000 	C:\WINDOWS\system32\rsaenh.dll
0x00007ff8da8f0000 - 0x00007ff8da922000 	C:\WINDOWS\SYSTEM32\USERENV.dll
0x00007ff8db3d0000 - 0x00007ff8db3fa000 	C:\WINDOWS\SYSTEM32\bcrypt.dll
0x00007ff8daaa0000 - 0x00007ff8daaac000 	C:\WINDOWS\SYSTEM32\CRYPTBASE.dll
0x00007ff8d9c10000 - 0x00007ff8d9c43000 	C:\WINDOWS\SYSTEM32\IPHLPAPI.DLL
0x00007ff8dd6b0000 - 0x00007ff8dd6ba000 	C:\WINDOWS\System32\NSI.dll
0x00007ff8bc6d0000 - 0x00007ff8bc6da000 	C:\Program Files\Java\jdk-21\bin\management.dll
0x00007ff8bc5a0000 - 0x00007ff8bc5ab000 	C:\Program Files\Java\jdk-21\bin\management_ext.dll
0x00007ff8dd780000 - 0x00007ff8dd788000 	C:\WINDOWS\System32\PSAPI.DLL
0x00007ff8d9cb0000 - 0x00007ff8d9e06000 	C:\WINDOWS\SYSTEM32\DNSAPI.dll
0x00007ff8da650000 - 0x00007ff8da65d000 	C:\WINDOWS\SYSTEM32\DSPARSE.dll
0x00007ff8d2840000 - 0x00007ff8d284b000 	C:\Windows\System32\rasadhlp.dll
0x00007ff8d6980000 - 0x00007ff8d6a06000 	C:\WINDOWS\System32\fwpuclnt.dll
0x00007ff8c3cd0000 - 0x00007ff8c3cd9000 	C:\Program Files\Java\jdk-21\bin\extnet.dll

dbghelp: loaded successfully - version: 4.0.5 - missing functions: none
symbol engine: initialized successfully - sym options: 0x614 - pdb path: .;C:\Program Files\Java\jdk-21\bin;C:\WINDOWS\SYSTEM32;C:\WINDOWS\WinSxS\amd64_microsoft.windows.common-controls_6595b64144ccf1df_6.0.26100.8875_none_3e0d5d42e32fe9dd;C:\Program Files\Java\jdk-21\bin\server

VM Arguments:
jvm_args: -XX:TieredStopAtLevel=1 
java_command: com.backend.sporta.SportaApplication
java_class_path (initial): D:\sporta\clubs\sporta\backend\sporta\target\classes;C:\Users\HOANG PHUC\.m2\repository\org\springframework\boot\spring-boot-jackson\4.0.6\spring-boot-jackson-4.0.6.jar;C:\Users\HOANG PHUC\.m2\repository\tools\jackson\core\jackson-databind\3.1.2\jackson-databind-3.1.2.jar;C:\Users\HOANG PHUC\.m2\repository\tools\jackson\core\jackson-core\3.1.2\jackson-core-3.1.2.jar;C:\Users\HOANG PHUC\.m2\repository\org\springframework\boot\spring-boot-web-server\4.0.6\spring-boot-web-server-4.0.6.jar;C:\Users\HOANG PHUC\.m2\repository\org\apache\tomcat\embed\tomcat-embed-core\11.0.21\tomcat-embed-core-11.0.21.jar;C:\Users\HOANG PHUC\.m2\repository\org\apache\tomcat\embed\tomcat-embed-websocket\11.0.21\tomcat-embed-websocket-11.0.21.jar;C:\Users\HOANG PHUC\.m2\repository\org\springframework\boot\spring-boot-tomcat\4.0.6\spring-boot-tomcat-4.0.6.jar;C:\Users\HOANG PHUC\.m2\repository\org\springframework\boot\spring-boot-http-converter\4.0.6\spring-boot-http-converter-4.0.6.jar;C:\Users\HOANG PHUC\.m2\repository\org\springframework\boot\spring-boot\4.0.6\spring-boot-4.0.6.jar;C:\Users\HOANG PHUC\.m2\repository\org\springframework\spring-context\7.0.7\spring-context-7.0.7.jar;C:\Users\HOANG PHUC\.m2\repository\org\springframework\spring-web\7.0.7\spring-web-7.0.7.jar;C:\Users\HOANG PHUC\.m2\repository\io\micrometer\micrometer-observation\1.16.5\micrometer-observation-1.16.5.jar;C:\Users\HOANG PHUC\.m2\repository\io\micrometer\micrometer-commons\1.16.5\micrometer-commons-1.16.5.jar;C:\Users\HOANG PHUC\.m2\repository\org\springframework\boot\spring-boot-webmvc\4.0.6\spring-boot-webmvc-4.0.6.jar;C:\Users\HOANG PHUC\.m2\repository\org\springframework\boot\spring-boot-servlet\4.0.6\spring-boot-servlet-4.0.6.jar;C:\Users\HOANG PHUC\.m2\repository\org\springframework\spring-webmvc\7.0.7\spring-webmvc-7.0.7.jar;C:\Users\HOANG PHUC\.m2\repository\org\springframework\spring-expression\7.0.7\spring-expression-7.0.7.jar;C:\Users\HOANG PHUC\.m2\repository\ch\qos\logback\logback-classic\1.5.32\logback-classic-1.5.32.jar;C:\Users\HOANG PHUC\.m2\repository\ch\qos\logback\logback-core\1.5.32\logback-core-1.5.32.jar;C:\Users\HOANG PHUC\.m2\repository\org\apache\logging\log4j\log4j-to-slf4j\2.25.4\log4j-to-slf4j-2.25.4.jar;C:\Users\HOANG PHUC\.m2\repository\org\apache\logging\log4j\log4j-api\2.25.4\log4j-api-2.25.4.jar;C:\Users\HOANG PHUC\.m2\repository\org\slf4j\jul-to-slf4j\2.0.17\jul-to-slf4j-2.0.17.jar;C:\Users\HOANG PHUC\.m2\repository\org\springframework\boot\spring-boot-autoconfigure\4.0.6\spring-boot-autoconfigure-4.0.6.jar;C:\Users\HOANG PHUC\.m2\repository\jakarta\annotation\jakarta.annotation-api\3.0.0\jakarta.annotation-api-3.0.0.jar;C:\Users\HOANG PHUC\.m2\repository\org\yaml\snakeyaml\2.5\snakeyaml-2.5.jar;C:\Users\HOANG PHUC\.m2\repository\com\zaxxer\HikariCP\7.0.2\HikariCP-7.0.2.jar;C:\Users\HOANG PHUC\.m2\repository\org\springframework\boot\spring-boot-data-jpa\4.0.6\spring-boot-data-jpa-4.0.6.jar;C:\Users\HOANG PHUC\.m2\repository\org\springframework\boot\spring-boot-data-commons\4.0.6\spring-boot-data-commons-4.0.6.jar;C:\Users\HOANG PHUC\.m2\repository\org\springframework\boot\spring-boot-persistence\4.0.6\spring-boot-persistence-4.0.6.jar;C:\Users\HOANG PHUC\.m2\repository\org\springframework\data\spring-data-commons\4.0.5\spring-data-commons-4.0.5.jar;C:\Users\HOANG PHUC\.m2\repository\org\springframework\boot\spring-boot-hibernate\4.0.6\spring-boot-hibernate-4.0.6.jar;C:\Users\HOANG PHUC\.m2\repository\org\springframework\boot\spring-boot-jpa\4.0.6\spring-boot-jpa-4.0.6.jar;C:\Users\HOANG PHUC\.m2\repository\jakarta\persistence\jakarta.persistence-api\3.2.0\jakarta.persistence-api-3.2.0.jar;C:\Users\HOANG PHUC\.m2\repository\org\hibernate\orm\hibernate-core\7.2.12.Final\hibernate-core-7.2.12.Final.jar;C:\Users\HOANG PHUC\.m2\repository\jakarta\transaction\jakarta.transaction-api\2.0.1\jakarta.transaction-api-2.0.1.jar;C:\Users\HOANG PHUC\.m2\repository\org\hibernate\models\hibernate-models\1.0.1\hibernate-models-1.0.1.jar;C:\Users\HOANG PHUC\.m2\repository\org\glassfish\jaxb\jaxb-runtime\4.0.6\jaxb-runtime-4.0.6.jar;C:\Users\HOANG PHUC\.m2\repository\org\glassfish\jaxb\jaxb-core\4.0.6\jaxb-core-4.0.6.jar;C:\Users\HOANG PHUC\.m2\repository\org\glassfish\jaxb\txw2\4.0.6\txw2-4.0.6.jar;C:\Users\HOANG PHUC\.m2\repository\com\sun\istack\istack-commons-runtime\4.1.2\istack-commons-runtime-4.1.2.jar;C:\Users\HOANG PHUC\.m2\repository\jakarta\inject\jakarta.inject-api\2.0.1\jakarta.inject-api-2.0.1.jar;C:\Users\HOANG PHUC\.m2\repository\org\springframework\spring-orm\7.0.7\spring-orm-7.0.7.jar;C:\Users\HOANG PHUC\.m2\repository\org\springframework\data\spring-data-jpa\4.0.5\spring-data-jpa-4.0.5.jar;C:\Users\HOANG PHUC\.m2\repository\org\springframework\spring-tx\7.0.7\spring-tx-7.0.7.jar;C:\Users\HOANG PHUC\.m2\repository\org\antlr\antlr4-runtime\4.13.2\antlr4-runtime-4.13.2.jar;C:\Users\HOANG PHUC\.m2\repository\org\springframework\spring-aspects\7.0.7\spring-aspects-7.0.7.jar;C:\Users\HOANG PHUC\.m2\repository\org\aspectj\aspectjweaver\1.9.25.1\aspectjweaver-1.9.25.1.jar;C:\Users\HOANG PHUC\.m2\repository\org\springframework\boot\spring-boot-jdbc\4.0.6\spring-boot-jdbc-4.0.6.jar;C:\Users\HOANG PHUC\.m2\repository\org\springframework\boot\spring-boot-sql\4.0.6\spring-boot-sql-4.0.6.jar;C:\Users\HOANG PHUC\.m2\repository\org\springframework\boot\spring-boot-transaction\4.0.6\spring-boot-transaction-4.0.6.jar;C:\Users\HOANG PHUC\.m2\repository\org\springframework\spring-jdbc\7.0.7\spring-jdbc-7.0.7.jar;C:\Users\HOANG PHUC\.m2\repository\org\springframework\boot\spring-boot-mail\4.0.6\spring-boot-mail-4.0.6.jar;C:\Users\HOANG PHUC\.m2\repository\org\springframework\spring-context-support\7.0.7\spring-context-support-7.0.7.jar;C:\Users\HOANG PHUC\.m2\repository\jakarta\mail\jakarta.mail-api\2.1.5\jakarta.mail-api-2.1.5.jar;C:\Users\HOANG PHUC\.m2\repository\org\eclipse\angus\angus-mail\2.0.5\angus-mail-2.0.5.jar;C:\Users\HOANG PHUC\.m2\repository\org\eclipse\angus\angus-activation\2.0.3\angus-activation-2.0.3.jar;C:\Users\HOANG PHUC\.m2\repository\com\fasterxml\jackson\core\jackson-databind\2.21.2\jackson-databind-2.21.2.jar;C:\Users\HOANG PHUC\.m2\repository\com\fasterxml\jackson\core\jackson-annotations\2.21\jackson-annotations-2.21.jar;C:\Users\HOANG PHUC\.m2\repository\com\fasterxml\jackson\core\jackson-core\2.21.2\jackson-core-2.21.2.jar;C:\Users\HOANG PHUC\.m2\repository\org\springframework\boot\spring-boot-security\4.0.6\spring-boot-security-4.0.6.jar;C:\Users\HOANG PHUC\.m2\repository\org\springframework\security\spring-security-config\7.0.5\spring-security-config-7.0.5.jar;C:\Users\HOANG PHUC\.m2\repository\org\springframework\security\spring-security-core\7.0.5\spring-security-core-7.0.5.jar;C:\Users\HOANG PHUC\.m2\repository\org\springframework\security\spring-security-crypto\7.0.5\spring-security-crypto-7.0.5.jar;C:\Users\HOANG PHUC\.m2\repository\org\springframework\security\spring-security-web\7.0.5\spring-security-web-7.0.5.jar;C:\Users\HOANG PHUC\.m2\repository\org\springframework\spring-aop\7.0.7\spring-aop-7.0.7.jar;C:\Users\HOANG PHUC\.m2\repository\org\springframework\spring-beans\7.0.7\spring-beans-7.0.7.jar;C:\Users\HOANG PHUC\.m2\repository\org\springframework\boot\spring-boot-validation\4.0.6\spring-boot-validation-4.0.6.jar;C:\Users\HOANG PHUC\.m2\repository\org\apache\tomcat\embed\tomcat-embed-el\11.0.21\tomcat-embed-el-11.0.21.jar;C:\Users\HOANG PHUC\.m2\repository\org\hibernate\validator\hibernate-validator\9.0.1.Final\hibernate-validator-9.0.1.Final.jar;C:\Users\HOANG PHUC\.m2\repository\jakarta\validation\jakarta.validation-api\3.1.1\jakarta.validation-api-3.1.1.jar;C:\Users\HOANG PHUC\.m2\repository\org\jboss\logging\jboss-logging\3.6.3.Final\jboss-logging-3.6.3.Final.jar;C:\Users\HOANG PHUC\.m2\repository\com\fasterxml\classmate\1.7.3\classmate-1.7.3.jar;C:\Users\HOANG PHUC\.m2\repository\org\postgresql\postgresql\42.7.10\postgresql-42.7.10.jar;C:\Users\HOANG PHUC\.m2\repository\org\checkerframework\checker-qual\3.52.0\checker-qual-3.52.0.jar;C:\Users\HOANG PHUC\.m2\repository\org\projectlombok\lombok\1.18.46\lombok-1.18.46.jar;C:\Users\HOANG PHUC\.m2\repository\io\jsonwebtoken\jjwt-api\0.12.5\jjwt-api-0.12.5.jar;C:\Users\HOANG PHUC\.m2\repository\io\jsonwebtoken\jjwt-impl\0.12.5\jjwt-impl-0.12.5.jar;C:\Users\HOANG PHUC\.m2\repository\io\jsonwebtoken\jjwt-jackson\0.12.5\jjwt-jackson-0.12.5.jar;C:\Users\HOANG PHUC\.m2\repository\org\slf4j\slf4j-api\2.0.17\slf4j-api-2.0.17.jar;C:\Users\HOANG PHUC\.m2\repository\jakarta\xml\bind\jakarta.xml.bind-api\4.0.4\jakarta.xml.bind-api-4.0.4.jar;C:\Users\HOANG PHUC\.m2\repository\jakarta\activation\jakarta.activation-api\2.1.4\jakarta.activation-api-2.1.4.jar;C:\Users\HOANG PHUC\.m2\repository\net\bytebuddy\byte-buddy\1.17.8\byte-buddy-1.17.8.jar;C:\Users\HOANG PHUC\.m2\repository\org\springframework\spring-core\7.0.7\spring-core-7.0.7.jar;C:\Users\HOANG PHUC\.m2\repository\commons-logging\commons-logging\1.3.6\commons-logging-1.3.6.jar;C:\Users\HOANG PHUC\.m2\repository\org\jspecify\jspecify\1.0.0\jspecify-1.0.0.jar;C:\Users\HOANG PHUC\.m2\repository\software\amazon\awssdk\s3\2.25.15\s3-2.25.15.jar;C:\Users\HOANG PHUC\.m2\repository\software\amazon\awssdk\aws-xml-protocol\2.25.15\aws-xml-protocol-2.25.15.jar;C:\Users\HOANG PHUC\.m2\repository\software\amazon\awssdk\aws-query-protocol\2.25.15\aws-query-protocol-2.25.15.jar;C:\Users\HOANG PHUC\.m2\repository\software\amazon\awssdk\protocol-core\2.25.15\protocol-core-2.25.15.jar;C:\Users\HOANG PHUC\.m2\repository\software\amazon\awssdk\arns\2.25.15\arns-2.25.15.jar;C:\Users\HOANG PHUC\.m2\repository\software\amazon\awssdk\profiles\2.25.15\profiles-2.25.15.jar;C:\Users\HOANG PHUC\.m2\repository\software\amazon\awssdk\crt-core\2.25.15\crt-core-2.25.15.jar;C:\Users\HOANG PHUC\.m2\repository\software\amazon\awssdk\http-auth\2.25.15\http-auth-2.25.15.jar;C:\Users\HOANG PHUC\.m2\repository\software\amazon\awssdk\identity-spi\2.25.15\identity-spi-2.25.15.jar;C:\Users\HOANG PHUC\.m2\repository\software\amazon\awssdk\http-auth-spi\2.25.15\http-auth-spi-2.25.15.jar;C:\Users\HOANG PHUC\.m2\repository\org\reactivestreams\reactive-streams\1.0.4\reactive-streams-1.0.4.jar;C:\Users\HOANG PHUC\.m2\repository\software\amazon\awssdk\http-auth-aws\2.25.15\http-auth-aws-2.25.15.jar;C:\Users\HOANG PHUC\.m2\repository\software\amazon\awssdk\checksums\2.25.15\checksums-2.25.15.jar;C:\Users\HOANG PHUC\.m2\repository\software\amazon\awssdk\checksums-spi\2.25.15\checksums-spi-2.25.15.jar;C:\Users\HOANG PHUC\.m2\repository\software\amazon\awssdk\sdk-core\2.25.15\sdk-core-2.25.15.jar;C:\Users\HOANG PHUC\.m2\repository\software\amazon\awssdk\auth\2.25.15\auth-2.25.15.jar;C:\Users\HOANG PHUC\.m2\repository\software\amazon\eventstream\eventstream\1.0.1\eventstream-1.0.1.jar;C:\Users\HOANG PHUC\.m2\repository\software\amazon\awssdk\http-client-spi\2.25.15\http-client-spi-2.25.15.jar;C:\Users\HOANG PHUC\.m2\repository\software\amazon\awssdk\regions\2.25.15\regions-2.25.15.jar;C:\Users\HOANG PHUC\.m2\repository\software\amazon\awssdk\annotations\2.25.15\annotations-2.25.15.jar;C:\Users\HOANG PHUC\.m2\repository\software\amazon\awssdk\utils\2.25.15\utils-2.25.15.jar;C:\Users\HOANG PHUC\.m2\repository\software\amazon\awssdk\aws-core\2.25.15\aws-core-2.25.15.jar;C:\Users\HOANG PHUC\.m2\repository\software\amazon\awssdk\metrics-spi\2.25.15\metrics-spi-2.25.15.jar;C:\Users\HOANG PHUC\.m2\repository\software\amazon\awssdk\json-utils\2.25.15\json-utils-2.25.15.jar;C:\Users\HOANG PHUC\.m2\repository\software\amazon\awssdk\third-party-jackson-core\2.25.15\third-party-jackson-core-2.25.15.jar;C:\Users\HOANG PHUC\.m2\repository\software\amazon\awssdk\endpoints-spi\2.25.15\endpoints-spi-2.25.15.jar;C:\Users\HOANG PHUC\.m2\repository\software\amazon\awssdk\apache-client\2.25.15\apache-client-2.25.15.jar;C:\Users\HOANG PHUC\.m2\repository\software\amazon\awssdk\netty-nio-client\2.25.15\netty-nio-client-2.25.15.jar;C:\Users\HOANG PHUC\.m2\repository\io\netty\netty-codec-http\4.2.12.Final\netty-codec-http-4.2.12.Final.jar;C:\Users\HOANG PHUC\.m2\repository\io\netty\netty-codec-base\4.2.12.Final\netty-codec-base-4.2.12.Final.jar;C:\Users\HOANG PHUC\.m2\repository\io\netty\netty-codec-compression\4.2.12.Final\netty-codec-compression-4.2.12.Final.jar;C:\Users\HOANG PHUC\.m2\repository\io\netty\netty-codec-http2\4.2.12.Final\netty-codec-http2-4.2.12.Final.jar;C:\Users\HOANG PHUC\.m2\repository\io\netty\netty-codec\4.2.12.Final\netty-codec-4.2.12.Final.jar;C:\Users\HOANG PHUC\.m2\repository\io\netty\netty-codec-protobuf\4.2.12.Final\netty-codec-protobuf-4.2.12.Final.jar;C:\Users\HOANG PHUC\.m2\repository\io\netty\netty-codec-marshalling\4.2.12.Final\netty-codec-marshalling-4.2.12.Final.jar;C:\Users\HOANG PHUC\.m2\repository\io\netty\netty-transport\4.2.12.Final\netty-transport-4.2.12.Final.jar;C:\Users\HOANG PHUC\.m2\repository\io\netty\netty-common\4.2.12.Final\netty-common-4.2.12.Final.jar;C:\Users\HOANG PHUC\.m2\repository\io\netty\netty-buffer\4.2.12.Final\netty-buffer-4.2.12.Final.jar;C:\Users\HOANG PHUC\.m2\repository\io\netty\netty-handler\4.2.12.Final\netty-handler-4.2.12.Final.jar;C:\Users\HOANG PHUC\.m2\repository\io\netty\netty-transport-native-unix-common\4.2.12.Final\netty-transport-native-unix-common-4.2.12.Final.jar;C:\Users\HOANG PHUC\.m2\repository\io\netty\netty-transport-classes-epoll\4.2.12.Final\netty-transport-classes-epoll-4.2.12.Final.jar;C:\Users\HOANG PHUC\.m2\repository\io\netty\netty-resolver\4.2.12.Final\netty-resolver-4.2.12.Final.jar;C:\Users\HOANG PHUC\.m2\repository\com\google\api-client\google-api-client\2.2.0\google-api-client-2.2.0.jar;C:\Users\HOANG PHUC\.m2\repository\commons-codec\commons-codec\1.19.0\commons-codec-1.19.0.jar;C:\Users\HOANG PHUC\.m2\repository\com\google\oauth-client\google-oauth-client\1.34.1\google-oauth-client-1.34.1.jar;C:\Users\HOANG PHUC\.m2\repository\com\google\guava\guava\31.1-jre\guava-31.1-jre.jar;C:\Users\HOANG PHUC\.m2\repository\com\google\guava\failureaccess\1.0.1\failureaccess-1.0.1.jar;C:\Users\HOANG PHUC\.m2\repository\com\google\guava\listenablefuture\9999.0-empty-to-avoid-conflict-with-guava\listenablefuture-9999.0-empty-to-avoid-conflict-with-guava.jar;C:\Users\HOANG PHUC\.m2\repository\com\google\code\findbugs\jsr305\3.0.2\jsr305-3.0.2.jar;C:\Users\HOANG PHUC\.m2\repository\com\google\errorprone\error_prone_annotations\2.11.0\error_prone_annotations-2.11.0.jar;C:\Users\HOANG PHUC\.m2\repository\com\google\j2objc\j2objc-annotations\1.3\j2objc-annotations-1.3.jar;C:\Users\HOANG PHUC\.m2\repository\com\google\http-client\google-http-client-apache-v2\1.42.3\google-http-client-apache-v2-1.42.3.jar;C:\Users\HOANG PHUC\.m2\repository\org\apache\httpcomponents\httpcore\4.4.16\httpcore-4.4.16.jar;C:\Users\HOANG PHUC\.m2\repository\org\apache\httpcomponents\httpclient\4.5.14\httpclient-4.5.14.jar;C:\Users\HOANG PHUC\.m2\repository\com\google\http-client\google-http-client\1.42.3\google-http-client-1.42.3.jar;C:\Users\HOANG PHUC\.m2\repository\io\opencensus\opencensus-api\0.31.1\opencensus-api-0.31.1.jar;C:\Users\HOANG PHUC\.m2\repository\io\grpc\grpc-context\1.27.2\grpc-context-1.27.2.jar;C:\Users\HOANG PHUC\.m2\repository\io\opencensus\opencensus-contrib-http-util\0.31.1\opencensus-contrib-http-util-0.31.1.jar;C:\Users\HOANG PHUC\.m2\repository\com\google\http-client\google-http-client-gson\1.43.3\google-http-client-gson-1.43.3.jar;C:\Users\HOANG PHUC\.m2\repository\com\google\code\gson\gson\2.13.2\gson-2.13.2.jar
Launcher Type: SUN_STANDARD

[Global flags]
     intx CICompilerCount                          = 4                                         {product} {ergonomic}
     uint ConcGCThreads                            = 3                                         {product} {ergonomic}
     uint G1ConcRefinementThreads                  = 10                                        {product} {ergonomic}
   size_t G1HeapRegionSize                         = 2097152                                   {product} {ergonomic}
    uintx GCDrainStackTargetSize                   = 64                                        {product} {ergonomic}
   size_t InitialHeapSize                          = 264241152                                 {product} {ergonomic}
   size_t MarkStackSize                            = 4194304                                   {product} {ergonomic}
   size_t MaxHeapSize                              = 4223664128                                {product} {ergonomic}
   size_t MaxNewSize                               = 2533359616                                {product} {ergonomic}
   size_t MinHeapDeltaBytes                        = 2097152                                   {product} {ergonomic}
   size_t MinHeapSize                              = 8388608                                   {product} {ergonomic}
    uintx NonNMethodCodeHeapSize                   = 4096                                   {pd product} {ergonomic}
    uintx NonProfiledCodeHeapSize                  = 0                                      {pd product} {ergonomic}
     bool ProfileInterpreter                       = false                                  {pd product} {command line}
    uintx ProfiledCodeHeapSize                     = 0                                      {pd product} {ergonomic}
   size_t SoftMaxHeapSize                          = 4223664128                             {manageable} {ergonomic}
     intx TieredStopAtLevel                        = 1                                         {product} {command line}
     bool UseCompressedOops                        = true                           {product lp64_product} {ergonomic}
     bool UseG1GC                                  = true                                      {product} {ergonomic}
     bool UseLargePagesIndividualAllocation        = false                                  {pd product} {ergonomic}

Logging:
Log output configuration:
 #0: stdout all=warning uptime,level,tags foldmultilines=false
 #1: stderr all=off uptime,level,tags foldmultilines=false

Environment Variables:
JAVA_HOME=C:\Program Files\Java\jdk-21
PATH=C:\Program Files\Java\jdk-21\bin;D:\apacheMVN\apache-maven-3.9.16\bin;C:\Program Files\Common Files\Oracle\Java\javapath;C:\Users\HOANG PHUC\Downloads\mongosh-2.2.12-win32-x64\mongosh-2.2.12-win32-x64\bin;C:\Program Files (x86)\Common Files\Oracle\Java\javapath;C:\Windows\system32;C:\Windows;C:\Windows\System32\Wbem;C:\Windows\System32\WindowsPowerShell\v1.0\;C:\Windows\System32\OpenSSH\;C:\Program Files (x86)\NVIDIA Corporation\PhysX\Common;C:\Program Files\dotnet\;C:\Program Files (x86)\Microsoft SQL Server\160\Tools\Binn\;C:\Program Files\Microsoft SQL Server\160\Tools\Binn\;C:\Program Files\Microsoft SQL Server\Client SDK\ODBC\170\Tools\Binn\;C:\Program Files\Microsoft SQL Server\160\DTS\Binn\;C:\Program Files (x86)\Microsoft SQL Server\160\DTS\Binn\;C:\Program Files\Microsoft SQL Server\150\Tools\Binn\;C:\WINDOWS\system32;C:\WINDOWS;C:\WINDOWS\System32\Wbem;C:\WINDOWS\System32\WindowsPowerShell\v1.0\;C:\WINDOWS\System32\OpenSSH\;C:\Program Files\Cloudflare\Cloudflare WARP\;C:\Program Files\nodejs\;D:\Git\cmd;C:\Program Files\NVIDIA Corporation\NVIDIA App\NvDLISR;C:\Users\HOANG PHUC\AppData\Local\Programs\Python\Python312\Scripts\;C:\Users\HOANG PHUC\AppData\Local\Programs\Python\Python312\;C:\Users\HOANG PHUC\AppData\Local\Microsoft\WindowsApps;C:\Users\HOANG PHUC\.dotnet\tools;D:\Microsoft VS Code\bin;C:\Users\HOANG PHUC\AppData\Roaming\npm;C:\Program Files\JetBrains\IntelliJ IDEA Community Edition 2025.1.3\bin;;C:\Users\HOANG PHUC\AppData\Local\Programs\Antigravity IDE\bin;D:\Kingsoft\WPS Office\12.1.0.27458\clitool;c:\Users\HOANG PHUC\.antigravity-ide\extensions\vscjava.vscode-java-debug-0.59.0-universal\bundled\scripts\noConfigScripts;c:\Users\HOANG PHUC\.antigravity-ide\extensions\ms-python.debugpy-2026.6.0-win32-x64\bundled\scripts\noConfigScripts
USERNAME=HOANG PHUC
LANG=en_US.UTF-8
OS=Windows_NT
PROCESSOR_IDENTIFIER=Intel64 Family 6 Model 141 Stepping 1, GenuineIntel
TMP=C:\Users\HOANGP~1\AppData\Local\Temp
TEMP=C:\Users\HOANGP~1\AppData\Local\Temp




Periodic native trim disabled

---------------  S Y S T E M  ---------------

OS:
 Windows 11 , 64 bit Build 26100 (10.0.26100.8875)
OS uptime: 7 days 22:24 hours
Hyper-V role detected

CPU: total 12 (initial active 12) (6 cores per cpu, 2 threads per core) family 6 model 141 stepping 1 microcode 0x50, cx8, cmov, fxsr, ht, mmx, 3dnowpref, sse, sse2, sse3, ssse3, sse4.1, sse4.2, popcnt, lzcnt, tsc, tscinvbit, avx, avx2, aes, erms, clmul, bmi1, bmi2, adx, avx512f, avx512dq, avx512cd, avx512bw, avx512vl, sha, fma, vzeroupper, avx512_vpopcntdq, avx512_vpclmulqdq, avx512_vaes, avx512_vnni, clflush, clflushopt, clwb, avx512_vbmi2, avx512_vbmi, hv, rdtscp, rdpid, fsrm, gfni, avx512_bitalg, f16c, cet_ibt, cet_ss, avx512_ifma
Processor Information for all 12 processors :
  Max Mhz: 2688, Current Mhz: 2688, Mhz Limit: 2688

Memory: 4k page, system-wide physical 16105M (83M free)
TotalPageFile size 31341M (AvailPageFile size 8M)
current process WorkingSet (physical memory assigned to process): 256M, peak: 256M
current process commit charge ("private bytes"): 298M, peak: 382M

vm_info: Java HotSpot(TM) 64-Bit Server VM (21.0.7+8-LTS-245) for windows-amd64 JRE (21.0.7+8-LTS-245), built on 2025-02-21T05:11:27Z by "mach5one" with MS VC++ 17.6 (VS2022)

END.
